../LWIP/Target/ethernetif.c:40:13:xc001_build_mac	88	static
../LWIP/Target/ethernetif.c:193:6:HAL_ETH_RxCpltCallback	16	static
../LWIP/Target/ethernetif.c:202:6:HAL_ETH_TxCpltCallback	16	static
../LWIP/Target/ethernetif.c:211:6:HAL_ETH_ErrorCallback	16	static
../LWIP/Target/ethernetif.c:233:13:low_level_init	176	static
../LWIP/Target/ethernetif.c:418:14:low_level_output	136	static
../LWIP/Target/ethernetif.c:498:22:low_level_input	24	static
../LWIP/Target/ethernetif.c:519:6:ethernetif_input	24	static
../LWIP/Target/ethernetif.c:576:7:ethernetif_init	16	static
../LWIP/Target/ethernetif.c:627:6:pbuf_free_custom	24	static
../LWIP/Target/ethernetif.c:643:16:is_rx_dma_buffer	24	static
../LWIP/Target/ethernetif.c:650:13:invalidate_rx_cache	48	static,ignoring_inline_asm
../LWIP/Target/ethernetif.c:662:13:clean_tx_cache	48	static,ignoring_inline_asm
../LWIP/Target/ethernetif.c:680:7:sys_now	8	static
../LWIP/Target/ethernetif.c:693:6:HAL_ETH_MspInit	64	static
../LWIP/Target/ethernetif.c:749:6:HAL_ETH_MspDeInit	16	static
../LWIP/Target/ethernetif.c:793:9:ETH_PHY_IO_Init	8	static
../LWIP/Target/ethernetif.c:810:9:ETH_PHY_IO_DeInit	4	static
../LWIP/Target/ethernetif.c:822:9:ETH_PHY_IO_ReadReg	24	static
../LWIP/Target/ethernetif.c:839:9:ETH_PHY_IO_WriteReg	24	static
../LWIP/Target/ethernetif.c:853:9:ETH_PHY_IO_GetTick	8	static
../LWIP/Target/ethernetif.c:862:6:ethernet_link_thread	136	static
../LWIP/Target/ethernetif.c:932:6:HAL_ETH_RxAllocateCallback	32	static
../LWIP/Target/ethernetif.c:955:6:HAL_ETH_RxLinkCallback	40	static
../LWIP/Target/ethernetif.c:1001:6:HAL_ETH_TxFreeCallback	16	static
