../Core/Src/stm32h7xx_it.c:59:13:fault_uart_write	24	static
../Core/Src/stm32h7xx_it.c:75:13:fault_uart_hex	40	static
../Core/Src/stm32h7xx_it.c:93:13:fault_dump	16	static
../Core/Src/stm32h7xx_it.c:129:6:NMI_Handler	4	static
../Core/Src/stm32h7xx_it.c:144:6:HardFault_Handler	8	static
../Core/Src/stm32h7xx_it.c:160:6:MemManage_Handler	8	static
../Core/Src/stm32h7xx_it.c:176:6:BusFault_Handler	8	static
../Core/Src/stm32h7xx_it.c:192:6:UsageFault_Handler	8	static
../Core/Src/stm32h7xx_it.c:208:6:DebugMon_Handler	4	static
../Core/Src/stm32h7xx_it.c:221:6:SysTick_Handler	8	static
../Core/Src/stm32h7xx_it.c:252:6:ETH_IRQHandler	8	static
../Core/Src/stm32h7xx_it.c:257:6:UART7_IRQHandler	8	static
