../Core/Src/xc001_console.c:23:13:console_start_rx_it	8	static
../Core/Src/xc001_console.c:37:13:console_write	16	static
../Core/Src/xc001_console.c:45:13:console_print_prompt	8	static
../Core/Src/xc001_console.c:50:13:console_recover_uart	16	static
../Core/Src/xc001_console.c:65:13:console_print_status	216	static
../Core/Src/xc001_console.c:92:6:XC001_Console_Init	48	static
../Core/Src/xc001_console.c:119:6:XC001_Console_WriteRaw	16	static
../Core/Src/xc001_console.c:124:6:XC001_Console_UartRxCpltCallback	24	static
../Core/Src/xc001_console.c:145:6:XC001_Console_UartErrorCallback	16	static
../Core/Src/xc001_console.c:154:6:HAL_UART_RxCpltCallback	16	static
../Core/Src/xc001_console.c:159:6:HAL_UART_ErrorCallback	16	static
../Core/Src/xc001_console.c:164:13:console_execute_line	392	static
../Core/Src/xc001_console.c:182:6:XC001_Console_Task	16	static
