../Drivers/CMSIS/Include/core_cm7.h:2165:34:__NVIC_SystemReset	4	static
../Core/Src/xc001_net.c:75:13:firmware_status_update	24	static
../Core/Src/xc001_net.c:86:20:firmware_state_name	16	static
../Core/Src/xc001_net.c:101:17:remote_key_hash	64	static
../Core/Src/xc001_net.c:115:6:XC001_Net_FormatRemoteKey	56	static
../Core/Src/xc001_net.c:139:16:remote_key_matches	56	static
../Core/Src/xc001_net.c:164:16:network_config_password_matches	24	static
../Core/Src/xc001_net.c:180:16:query_value	176	static
../Core/Src/xc001_net.c:217:16:header_value	48	static
../Core/Src/xc001_net.c:270:16:remote_command	72	static
../Core/Src/xc001_net.c:337:16:http_send_all	40	static
../Core/Src/xc001_net.c:367:13:send_response	200	static
../Core/Src/xc001_net.c:381:13:send_error	184	static
../Core/Src/xc001_net.c:395:13:send_unauthorized	216	static
../Core/Src/xc001_net.c:410:13:send_no_content	16	static
../Core/Src/xc001_net.c:416:13:send_firmware_status	384	static
../Core/Src/xc001_net.c:438:13:send_index_page	128	static
../Core/Src/xc001_net.c:487:12:http_recv_request	64	static
../Core/Src/xc001_net.c:538:12:http_recv_headers	32	static
../Core/Src/xc001_net.c:568:16:request_path_is	96	static
../Core/Src/xc001_net.c:579:16:multipart_boundary_from_content_type	40	static
../Core/Src/xc001_net.c:633:16:firmware_upload_finish	168	static
../Core/Src/xc001_net.c:675:16:multipart_firmware_begin	32	static
../Core/Src/xc001_net.c:697:16:multipart_firmware_data	72	static
../Core/Src/xc001_net.c:726:13:multipart_firmware_end	24	static
../Core/Src/xc001_net.c:736:16:handle_firmware_upload_raw	1184	static
../Core/Src/xc001_net.c:829:16:handle_firmware_upload_multipart	2144	static
../Core/Src/xc001_net.c:974:16:handle_firmware_upload	32	static
../Core/Src/xc001_net.c:990:13:firmware_upload_thread	24	static
../Core/Src/xc001_net.c:1004:9:XC001_Net_ApplyConfig	32	static
../Core/Src/xc001_net.c:1019:13:udp_thread	920	static
../Core/Src/xc001_net.c:1074:20:json_skip_ws	16	static
../Core/Src/xc001_net.c:1083:16:json_get_string	96	static
../Core/Src/xc001_net.c:1155:13:json_escape_copy	32	static
../Core/Src/xc001_net.c:1193:13:format_mac_compact	48	static
../Core/Src/xc001_net.c:1208:13:send_api_status	992	static
../Core/Src/xc001_net.c:1219:16:api_password_ok	48	static
../Core/Src/xc001_net.c:1235:13:send_api_info	776	static
../Core/Src/xc001_net.c:1255:13:send_api_network_config	216	static
../Core/Src/xc001_net.c:1267:13:handle_chaos_api	952	static
../Core/Src/xc001_net.c:1376:13:handle_http	1096	static
../Core/Src/xc001_net.c:1521:13:http_thread	1152	static
../Core/Src/xc001_net.c:1655:6:XC001_Net_Init	8	static
../Core/Src/xc001_net.c:1663:6:XC001_Net_StartServices	80	static
../Core/Src/xc001_net.c:1694:6:XC001_Net_RequestStartServices	4	static
../Core/Src/xc001_net.c:1702:6:XC001_Net_Task	8	static
../Core/Src/xc001_net.c:1717:6:XC001_Net_Diag	168	static
../Core/Src/xc001_net.c:1740:6:XC001_Net_PhyDiag	112	static
../Core/Src/xc001_net.c:1773:6:XC001_Net_FormatMac	48	static
