../Drivers/CMSIS/Include/core_cm7.h:2165:34:__NVIC_SystemReset	4	static
../Core/Src/xc001_net.c:75:13:firmware_status_update	24	static
../Core/Src/xc001_net.c:86:20:firmware_state_name	16	static
../Core/Src/xc001_net.c:101:17:remote_key_hash	64	static
../Core/Src/xc001_net.c:115:6:XC001_Net_FormatRemoteKey	56	static
../Core/Src/xc001_net.c:139:16:remote_key_matches	56	static
../Core/Src/xc001_net.c:164:16:network_config_password_matches	24	static
../Core/Src/xc001_net.c:180:16:query_value	176	static
../Core/Src/xc001_net.c:217:16:header_value	48	static
../Core/Src/xc001_net.c:270:16:remote_command	72	static
../Core/Src/xc001_net.c:337:16:http_send_all	40	static
../Core/Src/xc001_net.c:367:13:send_response	200	static
../Core/Src/xc001_net.c:382:13:send_error	184	static
../Core/Src/xc001_net.c:396:13:send_unauthorized	216	static
../Core/Src/xc001_net.c:411:13:send_no_content	16	static
../Core/Src/xc001_net.c:417:13:send_firmware_status	384	static
../Core/Src/xc001_net.c:439:13:send_index_page	128	static
../Core/Src/xc001_net.c:488:12:http_recv_request	64	static
../Core/Src/xc001_net.c:539:12:http_recv_headers	32	static
../Core/Src/xc001_net.c:569:16:request_path_is	96	static
../Core/Src/xc001_net.c:580:16:multipart_boundary_from_content_type	40	static
../Core/Src/xc001_net.c:634:16:firmware_upload_finish	168	static
../Core/Src/xc001_net.c:676:16:multipart_firmware_begin	32	static
../Core/Src/xc001_net.c:698:16:multipart_firmware_data	72	static
../Core/Src/xc001_net.c:727:13:multipart_firmware_end	24	static
../Core/Src/xc001_net.c:737:16:handle_firmware_upload_raw	1184	static
../Core/Src/xc001_net.c:830:16:handle_firmware_upload_multipart	2144	static
../Core/Src/xc001_net.c:975:16:handle_firmware_upload	32	static
../Core/Src/xc001_net.c:991:13:firmware_upload_thread	24	static
../Core/Src/xc001_net.c:1005:9:XC001_Net_ApplyConfig	32	static
../Core/Src/xc001_net.c:1020:13:udp_thread	920	static
../Core/Src/xc001_net.c:1075:20:json_skip_ws	16	static
../Core/Src/xc001_net.c:1084:16:json_get_string	96	static
../Core/Src/xc001_net.c:1156:13:json_escape_copy	32	static
../Core/Src/xc001_net.c:1194:13:format_mac_compact	48	static
../Core/Src/xc001_net.c:1209:13:send_api_status	992	static
../Core/Src/xc001_net.c:1220:13:send_api_unauthorized	216	static
../Core/Src/xc001_net.c:1235:16:api_password_ok	48	static
../Core/Src/xc001_net.c:1251:13:send_api_info	776	static
../Core/Src/xc001_net.c:1271:13:send_api_network_config	216	static
../Core/Src/xc001_net.c:1283:13:handle_chaos_api	760	static
../Core/Src/xc001_net.c:1386:13:handle_http	1096	static
../Core/Src/xc001_net.c:1531:13:http_thread	1152	static
../Core/Src/xc001_net.c:1665:6:XC001_Net_Init	8	static
../Core/Src/xc001_net.c:1673:6:XC001_Net_StartServices	80	static
../Core/Src/xc001_net.c:1704:6:XC001_Net_RequestStartServices	4	static
../Core/Src/xc001_net.c:1712:6:XC001_Net_Task	8	static
../Core/Src/xc001_net.c:1727:6:XC001_Net_Diag	168	static
../Core/Src/xc001_net.c:1750:6:XC001_Net_PhyDiag	112	static
../Core/Src/xc001_net.c:1783:6:XC001_Net_FormatMac	48	static
