../Core/Src/xc001_net.c:36:17:remote_key_hash	64	static
../Core/Src/xc001_net.c:50:6:XC001_Net_FormatRemoteKey	56	static
../Core/Src/xc001_net.c:74:16:remote_key_matches	56	static
../Core/Src/xc001_net.c:99:16:query_value	176	static
../Core/Src/xc001_net.c:136:16:header_value	48	static
../Core/Src/xc001_net.c:189:16:remote_command	72	static
../Core/Src/xc001_net.c:256:16:http_send_all	40	static
../Core/Src/xc001_net.c:286:13:send_response	200	static
../Core/Src/xc001_net.c:300:13:send_error	184	static
../Core/Src/xc001_net.c:314:13:send_unauthorized	216	static
../Core/Src/xc001_net.c:329:13:send_no_content	16	static
../Core/Src/xc001_net.c:335:13:send_index_page	112	static
../Core/Src/xc001_net.c:374:12:http_recv_request	64	static
../Core/Src/xc001_net.c:425:9:XC001_Net_ApplyConfig	32	static
../Core/Src/xc001_net.c:440:13:udp_thread	920	static
../Core/Src/xc001_net.c:495:13:handle_http	1096	static
../Core/Src/xc001_net.c:609:13:http_thread	1112	static
../Core/Src/xc001_net.c:691:6:XC001_Net_Init	8	static
../Core/Src/xc001_net.c:699:6:XC001_Net_StartServices	80	static
../Core/Src/xc001_net.c:730:6:XC001_Net_RequestStartServices	4	static
../Core/Src/xc001_net.c:738:6:XC001_Net_Task	8	static
../Core/Src/xc001_net.c:747:6:XC001_Net_Diag	168	static
../Core/Src/xc001_net.c:770:6:XC001_Net_PhyDiag	112	static
../Core/Src/xc001_net.c:803:6:XC001_Net_FormatMac	48	static
