../Core/Src/xc001_board.c:45:13:eth_nrst_as_output	40	static
../Core/Src/xc001_board.c:57:13:rf_switch_init	32	static
../Core/Src/xc001_board.c:70:6:XC001_Board_Init	8	static
../Core/Src/xc001_board.c:86:6:XC001_Board_Task	16	static
../Core/Src/xc001_board.c:123:6:XC001_Board_SetStatusOk	16	static
../Core/Src/xc001_board.c:128:6:XC001_Board_IndicateCommandError	16	static
../Core/Src/xc001_board.c:140:6:XC001_Board_WatchdogInit	4	static
../Core/Src/xc001_board.c:182:10:XC001_Board_GetAndClearResetFlags	16	static
../Core/Src/xc001_board.c:189:6:XC001_Board_WatchdogRefresh	4	static
../Core/Src/xc001_board.c:197:9:XC001_Board_IsEthResetPressed	32	static
../Core/Src/xc001_board.c:213:6:XC001_Board_PhyResetPulse	8	static
../Core/Src/xc001_board.c:222:23:XC001_Board_FindGpio	24	static
../Core/Src/xc001_board.c:234:9:XC001_Board_WriteGpio	24	static
../Core/Src/xc001_board.c:253:9:XC001_Board_ReadGpio	24	static
../Core/Src/xc001_board.c:265:6:XC001_Board_GpioList	48	static
../Core/Src/xc001_board.c:286:9:XC001_Board_SetRfChannel	24	static
../Core/Src/xc001_board.c:314:9:XC001_Board_GetRfChannel	16	static
../Core/Src/xc001_board.c:333:6:XC001_Board_RfSwitchStatus	48	static
