../Core/Src/xc001_console.c:25:13:console_start_rx_it	8	static
../Core/Src/xc001_console.c:39:13:console_write	16	static
../Core/Src/xc001_console.c:47:13:console_print_prompt	8	static
../Core/Src/xc001_console.c:52:13:console_recover_uart	16	static
../Core/Src/xc001_console.c:67:13:console_print_status	216	static
../Core/Src/xc001_console.c:94:6:XC001_Console_Init	48	static
../Core/Src/xc001_console.c:125:10:XC001_Console_GetRxOverflow	4	static
../Core/Src/xc001_console.c:130:6:XC001_Console_WriteRaw	16	static
../Core/Src/xc001_console.c:135:6:XC001_Console_UartRxCpltCallback	24	static
../Core/Src/xc001_console.c:156:6:XC001_Console_UartErrorCallback	16	static
../Core/Src/xc001_console.c:165:6:HAL_UART_RxCpltCallback	16	static
../Core/Src/xc001_console.c:170:6:HAL_UART_ErrorCallback	16	static
../Core/Src/xc001_console.c:175:13:console_execute_line	392	static
../Core/Src/xc001_console.c:193:16:console_query_needs_parameters	8	static
../Core/Src/xc001_console.c:203:6:XC001_Console_Task	16	static
