../Core/Src/xc001_board.c:33:13:eth_nrst_as_output	40	static
../Core/Src/xc001_board.c:45:6:XC001_Board_Init	8	static
../Core/Src/xc001_board.c:57:6:XC001_Board_Task	16	static
../Core/Src/xc001_board.c:70:6:XC001_Board_SetStatusOk	16	static
../Core/Src/xc001_board.c:75:6:XC001_Board_WatchdogInit	4	static
../Core/Src/xc001_board.c:110:10:XC001_Board_GetAndClearResetFlags	16	static
../Core/Src/xc001_board.c:117:6:XC001_Board_WatchdogRefresh	4	static
../Core/Src/xc001_board.c:125:9:XC001_Board_IsEthResetPressed	32	static
../Core/Src/xc001_board.c:141:6:XC001_Board_PhyResetPulse	8	static
../Core/Src/xc001_board.c:150:23:XC001_Board_FindGpio	24	static
../Core/Src/xc001_board.c:162:9:XC001_Board_WriteGpio	24	static
../Core/Src/xc001_board.c:181:9:XC001_Board_ReadGpio	24	static
../Core/Src/xc001_board.c:193:6:XC001_Board_GpioList	48	static
