../Core/Inc/xc001_update.h:34:24:XC001_Update_Crc32Update	32	static
../Core/Inc/xc001_update.h:47:24:XC001_Update_Crc32	16	static
../Core/Inc/xc001_update.h:52:23:XC001_Update_IsStackPointerValid	24	static
../Core/Inc/xc001_update.h:61:23:XC001_Update_IsVectorValid	24	static
../Core/Inc/xc001_update.h:76:23:XC001_Update_RecordValid	16	static
../Core/Src/xc001_storage.c:57:17:checksum32	24	static
../Core/Src/xc001_storage.c:69:16:lock_storage	8	static
../Core/Src/xc001_storage.c:74:13:unlock_storage	8	static
../Core/Src/xc001_storage.c:82:16:flashword_is_erased	24	static
../Core/Src/xc001_storage.c:96:26:erase_bank2	40	static
../Core/Src/xc001_storage.c:109:16:config_record_valid	24	static
../Core/Src/xc001_storage.c:124:13:scan_config	32	static
../Core/Src/xc001_storage.c:146:13:scan_update	32	static
../Core/Src/xc001_storage.c:168:26:append_update_record	96	static
../Core/Src/xc001_storage.c:193:16:firmware_program_word	16	static
../Core/Src/xc001_storage.c:209:6:XC001_Storage_Init	24	static
../Core/Src/xc001_storage.c:222:9:XC001_Storage_Load	40	static
../Core/Src/xc001_storage.c:242:9:XC001_Storage_Save	112	static
../Core/Src/xc001_storage.c:303:9:XC001_Storage_Reset	32	static
../Core/Src/xc001_storage.c:325:10:XC001_Storage_FirmwareMaxSize	4	static
../Core/Src/xc001_storage.c:330:9:XC001_Storage_FirmwareBegin	32	static
../Core/Src/xc001_storage.c:358:9:XC001_Storage_FirmwareWrite	24	static
../Core/Src/xc001_storage.c:384:9:XC001_Storage_FirmwareFinishWithSize	16	static
../Core/Src/xc001_storage.c:395:9:XC001_Storage_FirmwareFinish	48	static
../Core/Src/xc001_storage.c:436:6:XC001_Storage_FirmwareAbort	8	static
../Core/Src/xc001_storage.c:446:9:XC001_Storage_ConfirmRunningFirmware	24	static
