../Core/Src/xc001_console.c:24:13:console_start_rx_it	8	static
../Core/Src/xc001_console.c:38:13:console_write	16	static
../Core/Src/xc001_console.c:46:13:console_print_prompt	8	static
../Core/Src/xc001_console.c:51:13:console_recover_uart	16	static
../Core/Src/xc001_console.c:66:13:console_print_status	216	static
../Core/Src/xc001_console.c:93:6:XC001_Console_Init	48	static
../Core/Src/xc001_console.c:124:10:XC001_Console_GetRxOverflow	4	static
../Core/Src/xc001_console.c:129:6:XC001_Console_WriteRaw	16	static
../Core/Src/xc001_console.c:134:6:XC001_Console_UartRxCpltCallback	24	static
../Core/Src/xc001_console.c:155:6:XC001_Console_UartErrorCallback	16	static
../Core/Src/xc001_console.c:164:6:HAL_UART_RxCpltCallback	16	static
../Core/Src/xc001_console.c:169:6:HAL_UART_ErrorCallback	16	static
../Core/Src/xc001_console.c:174:13:console_execute_line	392	static
../Core/Src/xc001_console.c:192:6:XC001_Console_Task	16	static
