../Middlewares/Third_Party/LwIP/system/OS/sys_arch.c:87:7:sys_mbox_new	16	static
../Middlewares/Third_Party/LwIP/system/OS/sys_arch.c:110:6:sys_mbox_free	16	static
../Middlewares/Third_Party/LwIP/system/OS/sys_arch.c:128:6:sys_mbox_post	16	static
../Middlewares/Third_Party/LwIP/system/OS/sys_arch.c:136:7:sys_mbox_trypost	24	static
../Middlewares/Third_Party/LwIP/system/OS/sys_arch.c:159:7:sys_mbox_trypost_fromisr	16	static
../Middlewares/Third_Party/LwIP/system/OS/sys_arch.c:180:7:sys_arch_mbox_fetch	32	static
../Middlewares/Third_Party/LwIP/system/OS/sys_arch.c:209:7:sys_arch_mbox_tryfetch	16	static
../Middlewares/Third_Party/LwIP/system/OS/sys_arch.c:221:5:sys_mbox_valid	16	static
../Middlewares/Third_Party/LwIP/system/OS/sys_arch.c:229:6:sys_mbox_set_invalid	16	static
../Middlewares/Third_Party/LwIP/system/OS/sys_arch.c:237:7:sys_sem_new	16	static
../Middlewares/Third_Party/LwIP/system/OS/sys_arch.c:280:7:sys_arch_sem_wait	24	static
../Middlewares/Third_Party/LwIP/system/OS/sys_arch.c:304:6:sys_sem_signal	16	static
../Middlewares/Third_Party/LwIP/system/OS/sys_arch.c:311:6:sys_sem_free	16	static
../Middlewares/Third_Party/LwIP/system/OS/sys_arch.c:320:5:sys_sem_valid	16	static
../Middlewares/Third_Party/LwIP/system/OS/sys_arch.c:329:6:sys_sem_set_invalid	16	static
../Middlewares/Third_Party/LwIP/system/OS/sys_arch.c:343:6:sys_init	8	static
../Middlewares/Third_Party/LwIP/system/OS/sys_arch.c:353:7:sys_mutex_new	16	static
../Middlewares/Third_Party/LwIP/system/OS/sys_arch.c:375:6:sys_mutex_free	16	static
../Middlewares/Third_Party/LwIP/system/OS/sys_arch.c:385:6:sys_mutex_lock	16	static
../Middlewares/Third_Party/LwIP/system/OS/sys_arch.c:392:6:sys_mutex_unlock	16	static
../Middlewares/Third_Party/LwIP/system/OS/sys_arch.c:406:14:sys_thread_new	64	static
../Middlewares/Third_Party/LwIP/system/OS/sys_arch.c:432:12:sys_arch_protect	8	static
../Middlewares/Third_Party/LwIP/system/OS/sys_arch.c:449:6:sys_arch_unprotect	16	static
